[    0000] Initializing cgroup subsys cpuset
[    0.000000] Initializing cgroup subsys cpu
[    0.000000] Initializing cgroup subsys cpuacct
[    0.000000] Linux version 4.4.0-135-generic (buildd@lcy01-amd64-020) (gcc version 5.4.0 20160609 (Ubuntu 5.4.0-6ubuntu1~16.04.10) ) #161-Ubuntu SMP Mon Aug 27 10:45:01 UTC 2018 (Ubuntu 4.4.0-135.161-generic 4.4.140)
[    0.000000] Command line: BOOT_IMAGE=/boot/vmlinuz-4.4.0-135-generic root=LABEL=cloudimg-rootfs ro console=tty1 console=ttyS0
[    0.000000] KERNEL supported cpus:
[    0.000000]   Intel GenuineIntel
[    0.000000]   AMD AuthenticAMD
[    0.000000]   Centaur CentaurHauls
[    0.000000] x86/fpu: xstate_offset[2]:  576, xstate_sizes[2  256
[    0.00000] 86pu: Supporting XSAVE feature 0x01: 'x87 fatng point egisters'
[  0.000000]x86/fpu: Supporting XSAVE feature 0x02: 'SSE registers'
[    0.000000] x86/fp Sporti XVE feate 0x04: VX rests'
[   0.000000] x86pu Enabled xstate features 0x7, context size is 2 ytes, using 'standard' format.
[  00000] e820: BIOSprovide physicalAM map:
[  0.0000] BOS-e820: [mem 0x00000000000000-x000000000009fbff] usable
[   0.000000] BIOS-e820: [mem 0x000000000009fc00-0x000000000009ffff] reserved
[  0.000000] BIOS-e820: [mem 0x00000000000f0000-0x00000000000fffff] reserved
[    0.000000] BIOS-e820: [mem 0x0000000000100000-0x000000003ffeffff] usable
[    0.000000] BIOS-e820: [mem 0x000000003fff0000-x000000003fff] CPI data
[  0.00000] BI-e820: [mem 0x00000000fec00000-0x00000000fec00fff] reserved
[    0.000000] BIOS-e820: [mem 0x00000000fee00000-00000000f00f] reserved
[    0.000000] BIOS-e820: [mem 0x00000000fffc0000-0x00000000ffffffff] reserved
[    0.000000] NX (Execute Disable) protection: active
[    0.000000] SMBIOS 2.5 present.
[    0.000000] Hypervisor detected: KVM
[    0.000000] e820: last_pfn = 0x3fff0 max_arch_pfn = 0x400000000
[    0.000000] MTRR: Disabled
[    0.000000] x86/PAT: MTRRs disabled, skipping PAT initialization too.
[    0.000000] CPU MTRRs all blank - virtualized system.
[    0.000000] x86/PAT: Configuration [0-7]: WB  WT  UC- UC  WB  WT  UC- UC  
[    0.000000] found SMP MP-table at [mem 0x0009fff0-0x0009ffff] mapped at [ffff88000009fff0]
[    0.000000] Scanning 1 areas for low memory corruption
[    0.000000] RAMDISK: [mem 0x3630a000-0x3717cfff]
[    0.000000] ACPI: Early tablechecksum verification disabled
[    0.000000] ACPI: RSDP 0x00000000000E000 000024 (v02 VBOX  )
[    0.0000] ACPI: XSDT 00000003FFF0030 00003C (v01 VBOX   VBXS 0000001 ASL  00000061)
[    0.000000] AC: FACP 0x000000003FFF00F0 0000F4 (v04 VBOX   VBOXFACP 000000001 ASL  00000061)
[    0.000000] ACPI: DSDT 0x000000003FFF0470 0021FF (v02 VBOX   VBOXBIOS 00000002 INTL 20100528)
[    0.000000] ACP FS 0x00003FFF000040
[    0.0000ACI: FACS 0x000000003FFF0200 000040
[    0.000000] ACPI: APIC 0x00000FFF0240 005Cv0 VBOX   VBOXAPIC 00000001 ASL  00000061)
[    0.000000] ACPI: SSDT 0x000000003FFF02A0 0001CC (v01 VBOX   VBOXCPUT 00000002 INTL 20100528)
[    0.000000] No NUMA configuration found
[    0.000000] Faking a node at [mem 0x0000000000000000-0x000000003ffeffff]
[    0.000000] NODE_DATA(0) allocated [mem 0x3ffeb000-0x3ffeffff]
[    0.000000] kvm-clock:si msrs 4641 nd 4b564d00
[    0.000000] m-lock:pu, sr 0:3ffe30, imary u oc
[   0.000000] kvm-clock: using sched offset of 5484405749 cycles
[    0.000000] clocksource: kvm-cloc mk: 0xfffffffffffffff max_cycles: 0x1cd42e4dffb, max_idle_ns: 881590591483 ns
[    0.000000] Zone ranges:
[    0.000000]   DMA      [mem 0x0000000000001000-0x0000000000ffffff]
[    0.000000]   DMA32    [mem 0x0000000001000000-0x000000003ffeffff]
[    0.000000]   Normal   empty
[    0.000000]   Device   empty
[    0.000000] Movable zone start for each node
[    0.000000] Early memory node ranges
[    0.000000]   node   0: [mem 0x0000000000001000-0x000000000009efff]
[    0.0000]   node    [m 0x0000000000100000-0x000000003ffeffff]
[    0.000000] Initmem setup node 0 [mem 0x0000000000001000-0x000000003ffeffff]
[    0.000000] ACPI: PM-Timer IO Port: 0x4008
[    0.000000] IOAPIC[0]: apic_id 2, version 32, address 0xfec00000, GSI 0-23
[    0.000000] ACPI: INT_SRC_OVR (bus 0 bus_irq 0 global_irq 2 dfl dfl)
[    0.000000] ACPI: INT_SRC_OVR (bus 0 bus_irq 9 global_irq 9 low level)
[    0.000000] Using ACPI (MADT) for SMP configuration information
[    0.000000] smpboot: Allowing 2 CPUs, 0 hotplug CPUs
[    0.000000] PM: Registered nosave memory: [mem 0x00000000-0x00000fff]
[    0.000000] PM: Registered nosave memory: [mem 0x0009f000-0x0009ffff]
[    0.000000] PM: Registered nosave memory: [mem 0x000a0000-0x000effff]
[    0.000000] PM: Registered nosave memory: [mem 0x000f0000-0x000fffff]
[    0.000000] e820: [mem 0x40000000-0xfebfffff] available for PCI devices
[    0.000000] Booting paravirtualized kernel on KVM
[    0.000000] clocksource: refined-jiffies: mask: 0xffffffff max_cycles: 0xffffffff, max_idle_ns: 7645519600211568 ns
[    0.000000] setup_percpu: NR_CPUS:512 nr_cpumas_bits:512 nr_cpu_ids:2 nr_node_ids:1
[    0.000000] PERCPU: Embedded 34 pags/pu @ffff88003fc00000 s99544 r8192 d31528 u1048576
[  000000] PV qspinloc hash tabe ntries: 256 (order: 0, 4096 bytes)
[    0.000000] Built 1 zonelists in Node order, moility groupi on. ot pages:572
[   .000] Picy zone: DMA32
[    0.000000] Kernel command line: BOOT_IMAGE=/boot/vmlinuz-4.4.0-135-generic root=LABEL=cloudimg-rootfs ro console=tty1 console=ttyS0
[    0.000000] PID hash table entries: 4096 (orr: 3, 32768 te
[    0000] Memory: 997720K/1048120K available (8554K kernel code, 1314K rwdata, 4004K rodata, 1516K init, 1316K bss, 50400K reserved, 0K cma-reserved)
[    0.000000] UBHWali=6 Oder=0, nObjects=0, CPUs=2, Nodes=1
[    0.000000] Kernel/User page tables isolation: enabld
  0.000000] Hierarchical RCimementation.   0.0000	Bild-te justment of leaf fanout to 6
   0.000000] 	U restricting CPUs from NR_CPUS=512 to nr_cpu_ids=2.
[    0.000000] RCU: Adjusting geometry for rcu_fanout_leaf=64, nr_cpu_ids=2
[    0.000000] NR_IRQS:33024 nr_irqs:440 16
[    0.000000] Console: colour VGA 80x25
[    0.000000] console [tty1] enabled
[    0.000000] console [ttyS0] enabled
[   0.000000] tsc: Detected 2304.000 MHz processor
[    3.513773] Calibrating delay loop (skipped) preset value.. 4608.00 BogoMIPS (lpj=9216000)
[    3.516114] pid_max: default: 32768 minimum: 301
[    3.532262] ACPI: Core revision 20150930
[    3.542881] ACPI: 2 ACPI AML tables successfully acquired and loaded
[    3.569716] Security Framework initialized
[    3.570876] Yama: becoming mindful.
[    3.571902] AppArmor: AppArmor initialized
[    3.594236] Dentry cache hash table entries: 131072 (order: 8, 1048576 bytes)
[    3.597692] Inode-cache hash table entries: 65536 (order: 7, 524288 bytes)
[    3.610996] Mount-cache hash table entries: 2048 (order: 2, 16384 bytes)
[    3.633048] Mountpoint-cache hash table entries: 2048 (order: 2, 16384 bytes)
[    3.722447] Initializing cgroup subsys io
[    3.743416] Initializing cgroup subsys memory
[    3.761770] Initializing cgroup subsys devices
[    3.829476] Initializing cgroup subsys freezer
[    3.908473] Initializing cgroup subsys net_cls
[    3.913812] Initializing cgroup subsys perf_event
[    3.915113] Initializing cgroup subsys net_prio
[    3.916405] Initializing cgroup subsys hugetlb
[    3.945712] Initializing cgroup subsys pids
[    3.963894] mce: CPU supports 0 MCE banks
[    4.025504] Last level iTLB entries: 4KB 64, 2MB 8, 4MB 8
[    4.112703] Last level dTLB entries: 4KB 64, 2MB 0, 4MB 0, 1GB 4
[    4.133839] Spectre V2 : Mitigation: Full generic retpoline
[    4.153639] Spectre V2 : Speculation control IBPB not-supported IBRS not-supported
[    4.193613] Spectre V2 : Filling RSB on context switch
[    4.253192] Speculative Store Bypass: Vulnerable
[    4.267868] Freeing SMP alternatives memory: 32K
[    4.275840] ftrace: allocating 32266 entries in 127 pages
[    4.385461] smpboot: APIC(0) Converting physical 0 to logical package 0
[    4.398242] smpboot: Max logical packages: 1
[    4.399667] x2apic enabled
[    4.400683] Switched APIC routing to physical x2apic.
[    4.452901] ..TIMER: vector=0x30 apic1=0 pin1=2 apic2=-1 pin2=-1
[    4.588415] smpboot: CPU0: Intel(R) Core(TM) i5-7360U CPU @ 2.30GHz (family: 0x6, model: 0x8e, stepping: 0x9)
[    4.605344] Performance Events: unsupported p6 CPU model 142 no PMU driver, software events only.
[    4.629742] KVM setup paravirtual spinlock
[    4.637075] x86: Booting SMP configuration:
[    4.669434] .... node  #0, CPUs:      #1
[    4.699874] kvm-clock: cpu 1, msr 0:3ffe3041, secondary cpu clock
[    4.703312] mce: CPU supports 0 MCE banks
[    4.706073] x86: Booted up 1 node, 2 CPUs
[    4.735024] smpboot: Total of 2 processors activated (9216.00 BogoMIPS)
[    4.748395] devtmpfs: initialized
[    4.756334] evm: security.selinux
[    4.763070] evm: security.SMACK64
[    4.782931] evm: security.SMACK64EXEC
[    4.800847] evm: security.SMACK64TRANSMUTE
[    4.807372] evm: security.SMACK64MMAP
[    4.830266] evm: security.ima
[    4.854051] evm: security.capability
[    4.863555] clocksource: jiffies: mask: 0xffffffff max_cycles: 0xffffffff, max_idle_ns: 7645041785100000 ns
[    4.911984] futex hash table entries: 512 (order: 3, 32768 bytes)
[    4.937322] pinctrl core: initialized pinctrl subsystem
[    4.949898] RTC time: 21:49:31, date: 10/03/18
[    4.951305] NET: Registered protocol family 16
[    4.961938] cpuidle: using governor ladder
[    4.985570] cpuidle: using governor menu
[    5.010679] PCCT header not found.
[    5.018806] ACPI: bus type PCI registered
[    5.055460] acpiphp: ACPI Hot Plug PCI Controller Driver version: 0.5
[    5.074871] PCI: Using configuration type 1 for base access
[    5.106978] ACPI: Added _OSI(Module Device)
[    5.119502] ACPI: Added _OSI(Processor Device)
[    5.131810] ACPI: Added _OSI(3.0 _SCP Extensions)
[    5.166259] ACPI: Added _OSI(Processor Aggregator Device)
[    5.179567] ACPI: Executed 1 blocks of module-level executable AML code
[    5.188574] ACPI: Interpreter enabled
[    5.189629] ACPI: (supports S0 S5)
[    5.190631] ACPI: Using IOAPIC for interrupt routing
[    5.192086] PCI: Using host bridge windows from ACPI; if necessary, use "pci=nocrs" and report a bug
[    5.206675] ACPI: PCI Root Bridge [PCI0] (domain 0000 [bus 00-ff])
[    5.231554] acpi PNP0A03:00: _OSC: OS supports [ASPM ClockPM Segments MSI]
[    5.233371] acpi PNP0A03:00: _OSC: not requesting OS control; OS requires [ExtendedConfig ASPM ClockPM MSI]
[    5.258603] acpi PNP0A03:00: fail to add MMCONFIG information, can't access extended PCI configuration space under this bridge.
[    5.332820] PCI host bridge to bus 0000:00
[    5.361346] pci_bus 0000:00: root bus resource [io  0x0000-0x0cf7 window]
[    5.403229] pci_bus 0000:00: root bus resource [io  0x0d00-0xffff window]
[    5.415902] pci_bus 0000:00: root bus resource [mem 0x000a0000-0x000bffff window]
[    5.446233] pci_bus 0000:00: root bus resource [mem 0x40000000-0xfdffffff window]
[    5.478782] pci_bus 0000:00: root bus resource [bus 00-ff]
[    5.515428] pci 0000:00:01.1: legacy IDE quirk: reg 0x10: [io  0x01f0-0x01f7]
[    5.582463] pci 0000:00:01.1: legacy IDE quirk: reg 0x14: [io  0x03f6]
[    5.625046] pci 0000:00:01.1: legacy IDE quirk: reg 0x18: [io  0x0170-0x0177]
[    5.637956] pci 0000:00:01.1: legacy IDE quirk: reg 0x1c: [io  0x0376]
[    5.656944] pci 0000:00:07.0: quirk: [io  0x4000-0x403f] claimed by PIIX4 ACPI
[    5.668534] pci 0000:00:07.0: quirk: [io  0x4100-0x410f] claimed by PIIX4 SMB
[    5.684805] ACPI: PCI Interrupt Link [LNKA] (IRQs 5 9 10 *11)
[    5.704555] ACPI: PCI Interrupt Link [LNKB] (IRQs 5 9 *10 11)
[    5.710672] ACPI: PCI Interrupt Link [LNKC] (IRQs 5 *9 10 11)
[    5.717711] ACPI: PCI Interrupt Link [LNKD] (IRQs 5 9 10 *11)
[    5.721216] ACPI: Enabled 2 GPEs in block 00 to 07
[    5.725738] vgaarb: setting as boot device: PCI:0000:00:02.0
[    5.761940] vgaarb: device added: PCI:0000:00:02.0,decodes=io+mem,owns=io+mem,locks=none
[    5.787815] vgaarb: loaded
[    5.789767] vgaarb: bridge control possible 0000:00:02.0
[    5.799103] SCSI subsystem initialized
[    5.828581] ACPI: bus type USB registered
[    5.859763] usbcore: registered new interface driver usbfs
[    5.886993] usbcore: registered new interface driver hub
[    5.905224] usbcore: registered new device driver usb
[    5.948027] PCI: Using ACPI for IRQ routing
[    5.955479] NetLabel: Initializing
[    5.973094] NetLabel:  domain hash size = 128
[    5.992755] NetLabel:  protocols = UNLABELED CIPSOv4
[    6.030234] NetLabel:  unlabeled traffic allowed by default
[    6.053119] amd_nb: Cannot enumerate AMD northbridges
[    6.069996] clocksource: Switched to clocksource kvm-clock
[    6.09063] AppArmor: AppArm Fileysm Enabled
[    6.2873] pnp: PnP ACPI init
[  6806]npPnP ACPI: found 3 devices
[   6.248] clocksurce: acpi_: mask: 0xffffff max_cycles: 0xffffff, max_idle_ns: 2085702ns
[    6.776269] NET: Registered protocol famil2

[    6.847437] TCP establisheha tlentes: 8192 (oer4,55 bes)

[    7.299090] TCP bind hash tabl eri: 92order: 5, 131072 bytes)
[  724343TC Hshabs configured (established 8192 bind 8192)
[    7.810331] UDP hash table entrie 512 (oer: 2, 16384 bytes)
[    7.908306] UD-Lite hash tablentes51(oer: 2, 38bys)
[    8.311862NET: Registered protocol family 1
[    8.358448] pci 0000:00:00.0: Limiting direct PCI/PCI transfers
[    8.360053] pci 0000:00:01.0: ActivatingSAMA hang workarounds
[  8.430] pacngniam...

[    8.997810] Freeing initrd memory: 14796K
[    9.004536] platform rtc_cmos: registered platform RTC device (no PNP device found)
[    9.009212] Scanning for low memory corruption every 60 seconds
[    9.014098] audit: initializing netlink subsys (disabled)
[    9.023060] audit: type=2000 audit(1538603377.022:1): initialized
[    9.036362] Initialise system trusted keyring
[    9.040329] HugeTLB registered 2 MB page size, pre-allocated 0 pages
[    9.051866] zbud: loaded
[    9.054905] VFS: Disk quotas dquot_6.6.0
[    9.080179] VFS: Dquot-cache hash table entries: 512 (order 0, 4096 bytes)
[    9.089051] squashfs: version 4.0 (2009/01/31) Phillip Lougher
[    9.114095] fuse init (API version 7.23)
[    9.116857] Key type big_key registered
[    9.126917] Allocating IMA MOK and blacklist keyrings.
[    9.131355] Key type asymmetric registered
[    9.132352] Asymmetric key parser 'x509' registered
[    9.133487] Block layer SCSI generic (bsg) driver version 0.4 loaded (major 249)
[    9.143249] io scheduler noop registered
[    9.169863] io scheduler deadline registered (default)
[    9.244868] io scheduler cfq registered
[    9.286672] pci_hotplug: PCI Hot Plug PCI Core version: 0.5
[    9.289787] pciehp: PCI Express Hot Plug Controller Driver version: 0.4
[    9.303441] ACPI: AC Adapter [AC] (on-line)
[    9.325808] input: Power Button as /devices/LNXSYSTM:00/LNXPWRBN:00/input/input0
[    9.347055] ACPI: Power Button [PWRF]
[    9.364743] input: Sleep Button as /devices/LNXSYSTM:00/LNXSLPBN:00/input/input1
[    9.380011] ACPI: Sleep Button [SLPF]
[    9.392895] ACPI: Battery Slot [BAT0] (battery present)
[    9.398079] GHES: HEST is not enabled!
[    9.416429] Serial: 8250/16550 driver, 32 ports, IRQ sharing enabled
[    9.496855] 00:02: ttyS0 at I/O 0x3f8 (irq = 4, base_baud = 115200) is a 16550A
[    9.524546] Linux agpgart interface v0.103
[    9.527470] loop: module loaded
[    9.535687] scsi host0: ata_piix
[    9.561496] scsi host1: ata_piix
[    9.594753] ata1: PATA max UDMA/33 cmd 0x1f0 ctl 0x3f6 bmdma 0xd000 irq 14
[    9.622938] ata2: PATA max UDMA/33 cmd 0x170 ctl 0x376 bmdma 0xd008 irq 15
[    9.669787] libphy: Fixed MDIO Bus: probed
[    9.671020] tun: Universal TUN/TAP device driver, 1.6
[    9.683537] tun: (C) 1999-2004 Max Krasnyansky <maxk@qualcomm.com>
[    9.694533] PPP generic driver version 2.4.2
[    9.761474] ehci_hcd: USB 2.0 'Enhanced' Host Controller (EHCI) Driver
[    9.802899] ehci-pci: EHCI PCI platform driver
[    9.853881] ehci-platform: EHCI generic platform driver
[    9.855430] ohci_hcd: USB 1.1 'Open' Host Controller (OHCI) Driver
[    9.923170] ohci-pci: OHCI PCI platform driver
[    9.947229] ohci-platform: OHCI generic platform driver
[    9.972478] uhci_hcd: USB Universal Host Controller Interface driver
[   10.019607] tsc: Refined TSC clocksource calibration: 2303.173 MHz
[   10.067772] clocksource: tsc: mask: 0xffffffffffffffff max_cycles: 0x2132eaa0450, max_idle_ns: 440795216827 ns
[   10.067918] i8042: PNP: PS/2 Controller [PNP0303:PS2K,PNP0f03:PS2M] at 0x60,0x64 irq 1,12
[   10.068362] serio: i8042 KBD port at 0x60,0x64 irq 1
[   10.068367] serio: i8042 AUX port at 0x60,0x64 irq 12
[   10.139767] mousedev: PS/2 mouse device common for all mice
[   10.140347] input: AT Translated Set 2 keyboard as /devices/platform/i8042/serio0/input/input2
[   10.141293] rtc_cmos rtc_cmos: rtc core: registered rtc_cmos as rtc0
[   10.141357] rtc_cmos rtc_cmos: alarms up to one day, 114 bytes nvram
[   10.141366] i2c /dev entries driver
[   10.141529] device-mapper: uevent: version 1.0.3
[   10.141753] device-mapper: ioctl: 4.34.0-ioctl (2015-10-28) initialised: dm-devel@redhat.com
[   10.141774] ledtrig-cpu: registered to indicate activity on CPUs
[   10.142479] NET: Registered protocol family 10
[   10.142752] NET: Registered protocol family 17
[   10.142875] Key type dns_resolver registered
[   10.143506] registered taskstats version 1
[   10.143518] Loading compiled-in X.509 certificates
[   10.144877] Loaded X.509 cert 'Build time autogenerated kernel key: b7189ebc996fd79c52efc1226b6676b25e4f6a2d'
[   10.144901] zswap: loaded using pool lzo/zbud
[   10.148414] Key type trusted registered
[   10.155181] Key type encrypted registered
[   10.155189] AppArmor: AppArmor sha1 policy hashing enabled
[   10.155191] ima: No TPM chip found, activating TPM-bypass!
[   10.155197] ima: Allocated hash algorithm: sha1
[   10.155210] evm: HMAC attrs: 0x1
[   10.155722]   Magic number: 6:266:853
[   10.199943] rtc_cmos rtc_cmos: setting system clock to 2018-10-03 21:49:36 UTC (1538603376)
[   10.200053] BIOS EDD facility v0.16 2004-Jun-25, 0 devices found
[   10.200054] EDD information not available.
[   10.461546] Freeing unused kernel memory: 1516K
[   11.372700] Write protecting the kernel read-only data: 14336k
[   11.460539] Freeing unused kernel memory: 1672K
[   11.468127] Freeing unused kernel memory: 92K
Loading, please wait...
[   11.483514] random: systemd-udevd: uninitialized urandom read (16 bytes read, 5 bits of entropy available)
starting version 229
[   11.484024] random: udevadm: uninitialized urandom read (16 bytes read, 5 bits of entropy available)
[   11.484041] random: udevadm: uninitialized urandom read (16 bytes read, 5 bits of entropy available)
[   11.490373] random: udevadm: uninitialized urandom read (16 bytes read, 5 bits of entropy available)
[   11.490419] random: udevadm: uninitialized urandom read (16 bytes read, 5 bits of entropy available)
[   11.490562] random: udevadm: uninitialized urandom read (16 bytes read, 5 bits of entropy available)
[   11.490620] random: udevadm: uninitialized urandom read (16 bytes read, 5 bits of entropy available)
[   11.490664] random: udevadm: uninitialized urandom read (16 bytes read, 5 bits of entropy available)
[   11.490702] random: udevadm: uninitialized urandom read (16 bytes read, 5 bits of entropy available)
[   11.490736] random: udevadm: uninitialized urandom read (16 bytes read, 5 bits of entropy available)
[   11.787159] e1000: Intel(R) PRO/1000 Network Driver - version 7.3.21-k8-NAPI
[   11.789076] e1000: Copyright (c) 1999-2006 Intel Corporation.
[   11.790759] Fusion MPT base driver 3.04.20
[   11.792006] Copyright (c) 1999-2008 LSI Corporation
[   11.810089] AVX2 version of gcm_enc/dec engaged.
[   11.811971] AES CTR mode by8 optimization enabled
[   11.819595] Fusion MPT SPI Host driver 3.04.20
[   12.007336] input: ImExPS/2 Generic Explorer Mouse as /devices/platform/i8042/serio1/input/input4
[   12.175530] e1000 0000:00:03.0 eth0: (PCI:33MHz:32-bit) 02:fb:a8:4c:29:d0
[   12.212840] e1000 0000:00:03.0 eth0: Intel(R) PRO/1000 Network Connection
[   12.303749] mptbase: ioc0: Initiating bringup
[   12.331806] e1000 0000:00:03.0 enp0s3: renamed from eth0
[   12.398369] ioc0: LSI53C1030 A0: Capabilities={Initiator}
[   12.568022] scsi host2: ioc0: LSI53C1030 A0, FwRev=00000000h, Ports=1, MaxQ=256, IRQ=20
[   12.731108] scsi 2:0:0:0: Direct-Access     VBOX     HARDDISK         1.0  PQ: 0 ANSI: 5
[   13.364651] scsi target2:0:0: Beginning Domain Validation
[   13.386142] scsi target2:0:0: Domain Validation skipping write tests
[   13.508054] scsi target2:0:0: Ending Domain Validation
[   13.574492] scsi target2:0:0: asynchronous
[   13.770656] scsi 2:0:1:0: Direct-Access     VBOX     HARDDISK         1.0  PQ: 0 ANSI: 5
[   14.177553] scsi target2:0:1: Beginning Domain Validation
[   14.462462] scsi target2:0:1: Domain Validation skipping write tests
[   14.482551] scsi target2:0:1: Ending Domain Validation
[   14.484038] scsi target2:0:1: asynchronous
[   14.507835] sd 2:0:0:0: [sda] 20971520 512-byte logical blocks: (10.7 GB/10.0 GiB)
[   14.533356] sd 2:0:0:0: Attached scsi generic sg0 type 0
[   14.535528] sd 2:0:1:0: [sdb] 20480 512-byte logical blocks: (10.5 MB/10.0 MiB)
[   14.535554] sd 2:0:1:0: Attached scsi generic sg1 type 0
[   14.539775] sd 2:0:0:0: [sda] Write Protect is off
[   14.541264] sd 2:0:0:0: [sda] Incomplete mode parameter data
[   14.549937] sd 2:0:0:0: [sda] Assuming drive cache: write through
[   14.550059] sd 2:0:1:0: [sdb] Write Protect is off
[   14.550321] sd 2:0:1:0: [sdb] Incomplete mode parameter data
[   14.550322] sd 2:0:1:0: [sdb] Assuming drive cache: write through
[   14.552479] sd 2:0:1:0: [sdb] Attached SCSI disk
[   14.560004]  sda: sda1
[   14.575161] sd 2:0:0:0: [sda] Attached SCSI disk
Begin: Loading essential drivers[   15.926443] md: linear personality registered for level -1
 ... [   16.003030] md: multipath personality registered for level -4
[   16.007635] md: raid0 personality registered for level 0
[   16.086099] md: raid1 personality registered for level 1
[   16.214181] raid6: sse2x1   gen() 12171 MB/s
[   16.322225] raid6: sse2x1   xor()  9095 MB/s
[   16.430515] raid6: sse2x2   gen() 15056 MB/s
[   16.498082] raid6: sse2x2   xor() 10179 MB/s
[   16.610547] raid6: sse2x4   gen() 15123 MB/s
[   16.702193] raid6: sse2x4   xor() 10968 MB/s
[   16.798193] raid6: avx2x1   gen() 21999 MB/s
[   16.874255] raid6: avx2x2   gen() 16393 MB/s
[   16.966011] raid6: avx2x4   gen() 29183 MB/s
[   16.982473] raid6: using algorithm avx2x4 gen() 29183 MB/s
[   16.998896] raid6: using avx2x2 recovery algorithm
[   17.007021] xor: automatically using best checksumming function:
[   17.054364]    avx       : 25248.000 MB/sec
[   17.079726] async_tx: api initialized (async)
[   17.098601] md: raid6 personality registered for level 6
[   17.111546] md: raid5 personality registered for level 5
[   17.152614] md: raid4 personality registered for level 4
[   17.165328] md: raid10 personality registered for level 10
done.
Begin: Running /scripts/init-premount ... done.
Begin: M[   17.216578] Btrfs loaded
ounting root file system ... Begin: Running /scripts/local-top ... done.
Begin: Running /scripts/local-premount ... Scanning for Btrfs filesystems
done.
Warning: fsck not present, so skipping root file system
[   17.289513] EXT4-fs (sda1): mounted filesystem with ordered data mode. Opts: (null)
done.
Begin: Running /scripts/local-bottom ... done.
Begin: Running /scripts/init-bottom ... done.
[   17.419306] systemd[1]: systemd 229 running in system mode. (+PAM +AUDIT +SELINUX +IMA +APPARMOR +SMACK +SYSVINIT +UTMP +LIBCRYPTSETUP +GCRYPT +GNUTLS +ACL +XZ -LZ4 +SECCOMP +BLKID +ELFUTILS +KMOD -IDN)
[   17.423336] systemd[1]: Detected virtualization oracle.
[   17.424666] systemd[1]: Detected architecture x86-64.

Welcome to [1mUbuntu 16.04.5 LTS[0m!

[   17.472616] systemd[1]: Set hostname to <ubuntu>.
[   17.507324] systemd[1]: Initializing machine ID from random generator.
[   17.549962] systemd[1]: Installed transient /etc/machine-id file.
[   17.753646] systemd[1]: Created slice User and Session Slice.
[[0;32m  OK  [0m] Created slice User and Session Slice.
[   17.763378] systemd[1]: Listening on Journal Socket.
[[0;32m  OK  [0m] Listening on Journal Socket.
[   17.766579] systemd[1]: Set up automount Arbitrary Executable File Formats File System Automount Point.
[[0;32m  OK  [0m] Set up automount Arbitrary Executab...ats File System Automount Point.
[   17.819351] systemd[1]: Listening on Device-mapper event daemon FIFOs.
[[0;32m  OK  [0m] Listening on Device-mapper event daemon FIFOs.
[   17.887195] systemd[1]: Reached target System Time Synchronized.
[[0;32m  OK  [0m] Reached target System Time Synchronized.
[   17.912085] systemd[1]: Listening on udev Kernel Socket.
[[0;32m  OK  [0m] Listening on udev Kernel Socket.
[   17.920164] systemd[1]: Reached target Swap.
[[0;32m  OK  [0m] Reached target Swap.
[   17.933105] systemd[1]: Listening on Syslog Socket.
[[0;32m  OK  [0m] Listening on Syslog Socket.
[   17.942334] systemd[1]: Listening on /dev/initctl Compatibility Named Pipe.
[[0;32m  OK  [0m] Listening on /dev/initctl Compatibility Named Pipe.
[   17.955333] systemd[1]: Reached target Encrypted Volumes.
[[0;32m  OK  [0m] Reached target Encrypted Volumes.
[   17.994795] systemd[1]: Reached target User and Group Name Lookups.
[[0;32m  OK  [0m] Reached target User and Group Name Lookups.
[   18.068480] systemd[1]: Started Trigger resolvconf update for networkd DNS.
[[0;32m  OK  [0m] Started Trigger resolvconf update for networkd DNS.
[   18.182018] systemd[1]: Listening on Journal Socket (/dev/log).
[[0;32m  OK  [0m] Listening on Journal Socket (/dev/log).
[   18.222465] systemd[1]: Listening on LVM2 metadata daemon socket.
[[0;32m  OK  [0m] Listening on LVM2 metadata daemon socket.
[   18.270639] systemd[1]: Listening on udev Control Socket.
[[0;32m  OK  [0m] Listening on udev Control Socket.
[   18.306832] systemd[1]: Created slice System Slice.
[[0;32m  OK  [0m] Created slice System Slice.
[   18.378246] systemd[1]: Mounting Debug File System...
         Mounting Debug File System...
[   18.396304] systemd[1]: Starting Nameserver information manager...
         Starting Nameserver information manager...
[   18.452224] systemd[1]: Starting Remount Root and Kernel File Systems...
[   18.462639] EXT4-fs (sda1): re-mounted. Opts: (null)
         Starting Remount Root and Kernel File Systems...
[   18.506544] systemd[1]: Mounting POSIX Message Queue File System...
         Mounting POSIX Message Queue File System...
[   18.565935] random: nonblocking pool is initialized
[   18.575482] systemd[1]: Starting Load Kernel Modules...
         Starting Load Kernel Modules...
[   18.595254] systemd[1]: Starting Uncomplicated firewall...
[   18.597042] Loading iSCSI transport class v2.0-870.
         Starting Uncomplicated firewall...
[   18.606329] systemd[1]: Reached target Slices.
[[0;32m  OK  [0m] Reached targ[   18.618763] iscsi: registered transport (tcp)
et Slices.
[   19.398531] systemd[1]: Starting Set console keymap...
         Starting Set console keymap...
[   19.410656] systemd[1]: Created slice system-serial\x2dgetty.slice.
[[0;32m  OK  [0m] Created slice system-serial\x2dgetty.slice.
[   19.458526] systemd[1]: Mounting Huge Pages File System...
         [   19.471988] iscsi: registered transport (iser)
Mounting Huge Pages File System...
[   19.511774] systemd[1]: Started Forward Password Requests to Wall Directory Watch.
[[0;32m  OK  [0m] Started Forward Password Requests to Wall Directory Watch.
[   19.562950] systemd[1]: Listening on Journal Audit Socket
[[0;32m  OK  [0m] Listening on Journal Audit Socket.
[   19.670365] systemd[1]: Starting Journal Service...
         Starting Journal Service...
[   19.690554] systemd[1]: Starting Create list of required static device nodes for the current kernel...
         Starting Create list of required st... nodes for the current kernel...
[   19.730676] systemd[1]: Starting Monitoring of LVM2 mirrors, snapshots etc. using dmeventd or progress polling...
         Starting Monitoring of LVM2 mirrors... dmeventd or progress polling...
[   19.759206] systemd[1]: Listening on LVM2 poll daemon socket.
[[0;32m  OK  [0m] Listening on LVM2 poll daemon socket.
[   19.768083] systemd[1]: Mounted POSIX Message Queue File System.
[[0;32m  OK  [0m] Mounted POSIX Message Queue File System.
[   19.776565] systemd[1]: Mounted Debug File System.
[[0;32m  OK  [0m] Mounted Debug File System.
[   19.779917] systemd[1]: Mounted Huge Pages File System.
[[0;32m  OK  [0m] Mounted Huge Pages File System.
[   19.783826] systemd[1]: Started Journal Service.
[[0;32m  OK  [0m] Started Journal Service.
[[0;32m  OK  [0m] Started Remount Root and Kernel File Systems.
[[0;32m  OK  [0m] Started Load Kernel Modules.
[[0;32m  OK  [0m] Started Uncomplicated firewall.
[[0;32m  OK  [0m] Started Set console keymap.
[[0;32m  OK  [0m] Started Create list of required sta...ce nodes for the current kernel.
[[0;32m  OK  [0m] Started Nameserver information manager.
[[0;32m  OK  [0m] Started LVM2 metadata daemon.
         Starting Create Static Device Nodes in /dev...
         Mounting FUSE Control File System...
         Starting Apply Kernel Variables...
         Starting udev Coldplug all Devices...
         Starting Load/Save Random Seed...
         Starting Flush Journal to Persistent Storage...
[[0;32m  OK  [0m] Mounted FUSE Control File System.
[[0;32m  OK  [0m] Started Create Static Device Nodes in /dev.
[[0;32m  OK  [0m] Started Monitoring of LVM2 mirrors,...ng dmeventd or progress polling.
[[0;32m  OK  [0m] Started Apply Kernel Variables.
[[0;32m  OK  [0m] Started Load/Save Random Seed.
[[0;32m  OK  [0m] Started udev Coldplug all Devices.
[[0;32m  OK  [0m] Started Flush Journal to Persistent Storage.
         Starting udev Kernel Device Manager...
[[0;32m  OK  [0m] Started udev Kernel Device Manager.
[[0;32m  OK  [0m] Started Dispatch Password Requests to Console Directory Watch.
[[0;32m  OK  [0m] Reached target Local File Systems (Pre).
[[0;32m  OK  [0m] Reached target Local File Systems.
         Starting LSB: AppArmor initialization...
         Starting Commit a transient machine-id on disk...
         Starting Create Volatile Files and Directories...
         Starting Tell Plymouth To Write Out Runtime Data...
         Starting Set console font and keymap...
         Starting Initial cloud-init job (pre-networking)...
[[0;32m  OK  [0m] Started Create Volatile Files and Directories.
[[0;32m  OK  [0m] Started Tell Plymouth To Write Out Runtime Data.
         Starting Update UTMP about System Boot/Shutdown...
[[0;32m  OK  [0m] Started Commit a transient machine-id on disk.
[[0;32m  OK  [0m] Found device /dev/ttyS0.
[[0;32m  OK  [0m] Started Update UTMP about System Boot/Shutdown.
[[0;32m  OK  [0m] Listening on Load/Save RF Kill Switch Status /dev/rfkill Watch.
[[0;32m  OK  [0m] Started LSB: AppArmor initialization.
[   15.852284] cloud-init[490]: Cloud-init v. 18.3-9-g2e62cb8a-0ubuntu1~16.04.2 running 'init-local' at Wed, 03 Oct 2018 21:49:47 +0000. Up 15.60 seconds.
[[0;32m  OK  [0m] Started Initial cloud-init job (pre-networking).
[[0;32m  OK  [0m] Reached target Network (Pre).
         Starting Raise network interfaces...
[[0;32m  OK  [0m] Started Set console font and keymap.
[[0;32m  OK  [0m] Created slice system-getty.slice.
[[0;32m  OK  [0m] Started Raise network interfaces.
[[0;32m  OK  [0m] Reached target Network.
         Starting Initial cloud-init job (metadata service crawler)...
[   17.478234] cloud-init[926]: Cloud-init v. 18.3-9-g2e62cb8a-0ubuntu1~16.04.2 running 'init' at Wed, 03 Oct 2018 21:49:48 +0000. Up 17.01 seconds.
[   17.553261] cloud-init[926]: ci-info: ++++++++++++++++++++++++++++++++++++++Net device info++++++++++++++++++++++++++++++++++++++
[   17.553676] cloud-init[926]: ci-info: +--------+------+----------------------------+---------------+--------+-------------------+
[   17.554100] cloud-init[926]: ci-info: | Device |  Up  |          Address           |      Mask     | Scope  |     Hw-Address    |
[   17.554542] cloud-init[926]: ci-info: +--------+------+----------------------------+---------------+--------+-------------------+
[   17.554909] cloud-init[926]: ci-info: | enp0s3 | True |         10.0.2.15          | 255.255.255.0 | global | 02:fb:a8:4c:29:d0 |
[[0;32m  OK  [0m] Started Initial cloud-init job (metadata service crawler).
[   17.555312] cloud-init[926]: ci-info: | enp0s3 | True | fe80::fb:a8ff:fe4c:29d0/64 |       .       |  link  | 02:fb:a8:4c:29:d0 |
[   17.916597] cloud-init[926]: ci-info: |   lo   | True |         127.0.0.1          |   255.0.0.0   |  host  |         .         |
[   17.917016] cloud-init[926]: ci-info: |   lo   | True |          ::1/128           |       .       |  host  |         .         |
[   17.917295] cloud-init[926]: ci-info: +--------+------+----------------------------+---------------+--------+-------------------+
[   17.917545] cloud-init[926]: ci-info: +++++++++++++++++++++++++++Route IPv4 info++++++++++++++++++++++++++++
[   17.917787] cloud-init[926]: ci-info: +-------+-------------+----------+---------------+-----------+-------+
[   17.918056] cloud-init[926]: ci-info: | Route | Destination | Gateway  |    Genmask    | Interface | Flags |
[   17.918304] cloud-init[926]: ci-info: +-------+-------------+----------+---------------+-----------+-------+
[   17.918566] cloud-init[926]: ci-info: |   0   |   0.0.0.0   | 10.0.2.2 |    0.0.0.0    |   enp0s3  |   UG  |
[   17.918807] cloud-init[926]: ci-info: |   1   |   10.0.2.0  | 0.0.0.0  | 255.255.255.0 |   enp0s3  |   U   |
[   17.919079] cloud-init[926]: ci-info: +-------+-------------+----------+---------------+-----------+-------+
[   17.919361] cloud-init[926]: ci-info: +++++++++++++++++++Route IPv6 info+++++++++++++++++++
[   17.919762] cloud-init[926]: ci-info: +-------+-------------+---------+-----------+-------+
[[0;32m  OK  [0m] Reached target Cloud-config availability.
[   17.920492] cloud-init[926]: ci-info: | Route | Destination | Gateway | Interface | Flags |
[[   17.920537] cloud-init[926]: ci-info: +-------+-------------+---------+-----------+-------+
[   18.437605] cloud-init[926]: ci-info: |   0   |  fe80::/64  |    ::   |   enp0s3  |   U   |
[   18.437921] cloud-init[926]: ci-info: |   3   |   ff00::/8  |    ::   |   enp0s3  |   U   |
[   18.438226] cloud-init[926]: ci-info: +-------+-------------+---------+-----------+-------+
[   18.438572] cloud-init[926]: Generating public/private rsa key pair.
[   18.438868] cloud-init[926]: Your identification has been saved in /etc/ssh/ssh_host_rsa_key.
[   18.439182] cloud-init[926]: Your public key has been saved in /etc/ssh/ssh_host_rsa_key.pub.
[   18.439554] cloud-init[926]: The key fingerprint is:
[   18.439794] cloud-init[926]: SHA256:xj1PUhuRhqyOjrhuF6Iolg6IfAnbmfrGnNmxSqDtsy4 root@ubuntu-xenial
[   18.440173] cloud-init[926]: The key's randomart image is:
[   18.440213] cloud-init[926]: +---[RSA 2048]----+
[   18.440475] cloud-init[926]: |         . ...   |
[   18.440734] cloud-init[926]: |          o o.   |
[   18.440993] cloud-init[926]: |         . .o    |
[   18.441243] cloud-init[926]: |       ... . o   |
[   18.441503] cloud-init[926]: | o     oS + o    |
[   18.441756] cloud-init[926]: |=.* =....  =     |
[   18.442089] cloud-init[926]: |*+=X++o     .    |
[   18.442411] cloud-init[926]: |E+B*oo.          |
[   18.442738] cloud-init[926]: |+BOB.            |
[   18.443193] cloud-init[926]: +----[SHA256]-----+
[0;32m  OK  [0m] Reached target System Initialization.
[   18.443648] cloud-init[926]: Generating public/private dsa key pair.
[   19.014727] cloud-init[926]: Your identification has been saved in /etc/ssh/ssh_host_dsa_key.
[   19.015249] cloud-init[926]: Your public key has been saved in /etc/ssh/ssh_host_dsa_key.pub.
[   19.015874] cloud-init[926]: The key fingerprint is:
[[0;32m  OK  [0m] Listening on ACPID Listen Socket.
[   19.016212] cloud-init[926]: SHA256:XgApwejyEaeBsy9/TUAjEUjEEKL03X4WOkDFnpcWUMY root@ubuntu-xenial
[   19.074767] cloud-init[926]: The key's randomart image is:
[   19.075215] cloud-init[926]: +---[DSA 1024]----+
         Starting Socket activation for snappy daemon.
[   19.075721] cloud-init[926]: |OBo=.o+++o       |
[   19.090536] cloud-init[926]: |B.* O oo.E       |
[[0;32m  OK  [0m] Listening on UUID daemon activation socket.
[   19.091132] cloud-init[926]: |.+ O =..o.o      |
[   19.189343] cloud-init[926]: |o + . oo.=.      |
[   19.189911] cloud-init[926]: | + . . +So.      |
[   19.190342] cloud-init[926]: |. o   ..+.       |
[   19.190749] cloud-init[926]: | o   o  .        |
[   19.191160] cloud-init[926]: |  . . .          |
[   19.191559] cloud-init[926]: |   .             |
[   19.192955] cloud-init[926]: +----[SHA256]-----+
[   19.193482] cloud-init[926]: Generating public/private ecdsa key pair.
[   19.193851] cloud-init[926]: Your identification has been saved in /etc/ssh/ssh_host_ecdsa_key.
[   19.194249] cloud-init[926]: Your public key has been saved in /etc/ssh/ssh_host_ecdsa_key.pub.
[   19.194652] cloud-init[926]: The key fingerprint is:
[   19.195054] cloud-init[926]: SHA256:hzdGSkqUd0JzAAc3zWoRBH+Q+c51ZxW/m+PWvd2lf08 root@ubuntu-xenial
[   19.195505] cloud-init[926]: The key's randomart image is:
[   19.195737] cloud-init[926]: +---[ECDSA 256]---+
[   19.195995] cloud-init[926]: |      =B@B.    ..|
[   19.196489] cloud-init[926]: |     ..+*=+     o|
[   19.196740] cloud-init[926]: |      ..o*o     o|
[   19.196994] cloud-init[926]: |     . oo=. . . +|
[   19.197251] cloud-init[926]: |      ..So=. . + |
[   19.197497] cloud-init[926]: |         +o.    o|
[   19.197786] cloud-init[926]: |               +E|
[   19.198037] cloud-init[926]: |              .+O|
[   19.198296] cloud-init[926]: |              o+O|
[[0;32m  OK  [0m] Started ACPI Events Check.
[[   19.198975] cloud-init[926]: +----[SHA256]-----+
[   19.787337] cloud-init[926]: Generating public/private ed25519 key pair.
[   19.787602] cloud-init[926]: Your identification has been saved in /etc/ssh/ssh_host_ed25519_key.
[   19.787880] cloud-init[926]: Your public key has been saved in /etc/ssh/ssh_host_ed25519_key.pub.
[   19.788501] cloud-init[926]: The key fingerprint is:
[   19.788811] cloud-init[926]: SHA256:FaZs6WA00nY9ia9BIj+dvw1pNKX0LuGUSAeG1VotFeU root@ubuntu-xenial
[   19.789089] cloud-init[926]: The key's randomart image is:
[   19.789367] cloud-init[926]: +--[ED25519 256]--+
[   19.789645] cloud-init[926]: |    ..oo+=o+oo.  |
[   19.790207] cloud-init[926]: |    .o=+=+X.o.   |
[   19.790445] cloud-init[926]: |     +o*=O.B  E  |
[   19.790689] cloud-init[926]: |     .o+*.O .    |
[   19.790994] cloud-init[926]: |       .SB =     |
[0;32m  OK  [0m] Reached target Paths.
[[   19.791038] cloud-init[926]: |        . B .    |
[0;32m  OK  [0m] Listening on D-Bus System Message Bus Socket.
[   19.866031] cloud-init[926]: |         . =     |
         Starting LXD - unix socket.[   19.889080] cloud-init[926]: |          . .    |
[   19.890042] cloud-init[926]: |                 |
[   19.890336] cloud-init[926]: +----[SHA256]-----+

[[0;32m  OK  [0m] Started Daily Cleanup of Temporary Directories.
[[0;32m  OK  [0m] Started Daily apt download activities.
[[0;32m  OK  [0m] Started Daily apt upgrade and clean activities.
[[0;32m  OK  [0m] Reached target Timers.
[[0;32m  OK  [0m] Reached target Network is Online.
         Starting iSCSI initiator daemon (iscsid)...
[[0;32m  OK  [0m] Listening on Socket activation for snappy daemon.
[[0;32m  OK  [0m] Listening on LXD - unix socket.
[[0;32m  OK  [0m] Started iSCSI initiator daemon (iscsid).
         Starting Login to default iSCSI targets...
[[0;32m  OK  [0m] Reached target Sockets.
[[0;32m  OK  [0m] Reached target Basic System.
[[0;32m  OK  [0m] Started Regular background program processing daemon.
         Starting Login Service...
[[0;32m  OK  [0m] Started Deferred execution scheduler.
         Starting System Logging Service...
         Starting Accounts Service...
[[0;32m  OK  [0m] Started ACPI event daemon.
[[0;32m  OK  [0m] Started D-Bus System Message Bus.
         Starting Virtualbox guest utils...
         Starting LSB: MD monitoring daemon...
[[0;32m  OK  [0m] Started Unattended Upgrades Shutdown.
         Starting LXD - container startup/shutdown...
         Starting LSB: Record successful boot for GRUB...
         Starting /etc/rc.local Compatibility...
[[0;32m  OK  [0m] Started FUSE filesystem for LXC.
         Starting Pollinate to seed the pseudo random number generator...
         Starting Snappy daemon...
[[0;32m  OK  [0m] Started System Logging Service.
[[0;32m  OK  [0m] Started /etc/rc.local Compatibility.
[[0;32m  OK  [0m] Started LXD - container startup/shutdown.
[[0;32m  OK  [0m] Started Login to default iSCSI targets.
[[0;32m  OK  [0m] Started LSB: MD monitoring daemon.
[[0;32m  OK  [0m] Started LSB: Record successful boot for GRUB.
[[0;32m  OK  [0m] Started Login Service.
         Starting Authenticate and Authorize Users to Run Privileged Tasks...
[[0;32m  OK  [0m] Reached target Remote File Systems (Pre).
[[0;32m  OK  [0m] Reached target Remote File Systems.
         Starting LSB: automatic crash report generation...
         Starting Permit User Sessions...
         Starting LSB: daemon to balance interrupts for SMP systems...
         Starting LSB: Set the CPU Frequency Scaling governor to "ondemand"...
[[0;32m  OK  [0m] Started Snappy daemon.
[[0;32m  OK  [0m] Started Virtualbox guest utils.
[[0;32m  OK  [0m] Started Permit User Sessions.
[[0;32m  OK  [0m] Started Authenticate and Authorize Users to Run Privileged Tasks.
[[0;32m  OK  [0m] Started Accounts Service.
         Starting Hold until boot process finishes up...
         Starting Terminate Plymouth Boot Screen...
         Starting Wait until snapd is fully seeded...
[[0;32m  OK  [0m] Started LSB: automatic crash report generation.
[[0;32m  OK  [0m] Started LSB: daemon to balance interrupts for SMP systems.
[[0;32m  OK  [0m] Started LSB: Set the CPU Frequency Scaling governor to "ondemand".
[[0;32m  OK  [0m] Started Hold until boot process finishes up.
[[0;32m  OK  [0m] Started Terminate Plymouth Boot Screen.
         Starting Set console scheme...
[[0;32m  OK  [0m] Started Getty on tty1.
[[0;32m  OK  [0m] Started Serial Getty on ttyS0.
[[0;32m  OK  [0m] Reached target Login Prompts.
[[0;32m  OK  [0m] Started Set console scheme.
[[0;32m  OK  [0m] Started Pollinate to seed the pseudo random number generator.
         Starting OpenBSD Secure Shell server...
[[0;32m  OK  [0m] Started OpenBSD Secure Shell server.
[[0;32m  OK  [0m] Created slice User Slice of vagrant.
         Starting User Manager for UID 1000...
[[0;32m  OK  [0m] Started Session 1 of user vagrant.
[[0;32m  OK  [0m] Started User Manager for UID 1000.
[[0;32m  OK  [0m] Started Session 2 of user vagrant.

Ubuntu 16.04.5 LTS ubuntu-xenial ttyS0

ubuntu-xenial login: [   28.215209] cloud-init[1564]: Generating locales (this might take a while)...
[   28.872251] cloud-init[1564]:   en_US.UTF-8... done
[   28.872451] cloud-init[1564]: Generation complete.
[   29.252405] cloud-init[1564]: Cloud-init v. 18.3-9-g2e62cb8a-0ubuntu1~16.04.2 running 'modules:config' at Wed, 03 Oct 2018 21:50:00 +0000. Up 28.12 seconds.
ci-info: no authorized ssh keys fingerprints found for user ubuntu.
<14>Oct  3 21:50:01 ec2: 
<14>Oct  3 21:50:01 ec2: #############################################################
<14>Oct  3 21:50:01 ec2: -----BEGIN SSH HOST KEY FINGERPRINTS-----
<14>Oct  3 21:50:01 ec2: 1024 SHA256:XgApwejyEaeBsy9/TUAjEUjEEKL03X4WOkDFnpcWUMY root@ubuntu-xenial (DSA)
<14>Oct  3 21:50:01 ec2: 256 SHA256:hzdGSkqUd0JzAAc3zWoRBH+Q+c51ZxW/m+PWvd2lf08 root@ubuntu-xenial (ECDSA)
<14>Oct  3 21:50:01 ec2: 256 SHA256:FaZs6WA00nY9ia9BIj+dvw1pNKX0LuGUSAeG1VotFeU root@ubuntu-xenial (ED25519)
<14>Oct  3 21:50:01 ec2: 2048 SHA256:xj1PUhuRhqyOjrhuF6Iolg6IfAnbmfrGnNmxSqDtsy4 root@ubuntu-xenial (RSA)
<14>Oct  3 21:50:01 ec2: -----END SSH HOST KEY FINGERPRINTS-----
<14>Oct  3 21:50:01 ec2: #############################################################
-----BEGIN SSH HOST KEY KEYS-----
ecdsa-sha2-nistp256 AAAAE2VjZHNhLXNoYTItbmlzdHAyNTYAAAAIbmlzdHAyNTYAAABBBF7+hQ1SOEg51kc1EHhvC9SaJZC7Mzw7TOjQjv2xr9cW7HhbDemURV6oiiUOpDy6Nk6yu3JJSwTJNa0JVR6ZgyY= root@ubuntu-xenial
ssh-ed25519 AAAAC3NzaC1lZDI1NTE5AAAAINl5PSDFHDZVMuZQmkfJLV/tZ1xT0F3Vg8TCoJkww7/d root@ubuntu-xenial
ssh-rsa AAAAB3NzaC1yc2EAAAADAQABAAABAQDl1i09OVvZ2ln7owpeRZ7jhswxhv2oCsWekHAO6oMqag5qmL/Pl5YgEobqCIsDE3QUZ8yL49cI9capJBip2rH1Z/cW5pbs96BZFJblNDScmz/wltKDX6Z3Kpi1a+UqTx2/nxXIq0LeQVfLKZgJ8Vkzy4yIUVhO9r1w8VXJUDCEQHPGQqKauES7VNxBJHGpHFf3VNs0VQqaSI5cT0Vz52ijnSx6TxXF0m5enH5MsOtVEIdtXtJstleoTP0umezq1SWxaIcSvSs/+hz/Pc974b7cQz+gaERcKDWjagh2cWv9cwE8B4MBzI0s7qwSdGwON+DE3HB/WJcF32SWczN2rP8n root@ubuntu-xenial
-----END SSH HOST KEY KEYS-----
[   29.576940] cloud-init[1606]: Cloud-init v. 18.3-9-g2e62cb8a-0ubuntu1~16.04.2 running 'modules:final' at Wed, 03 Oct 2018 21:50:01 +0000. Up 29.47 seconds.
[   29.577095] cloud-init[1606]: ci-info: no authorized ssh keys fingerprints found for user ubuntu.
[   29.577182] cloud-init[1606]: Cloud-init v. 18.3-9-g2e62cb8a-0ubuntu1~16.04.2 finished at Wed, 03 Oct 2018 21:50:01 +0000. Datasource DataSourceNoCloud [seed=/dev/sdb][dsmode=net].  Up 29.57 seconds
